------------------------------------------------------------
TimeQuest Timing Analyzer Summary
------------------------------------------------------------

Type  : Slow 1200mV 85C Model Setup 'clk_divider:inst7|clock_25Mhz'
Slack : -3.915
TNS   : -102.934

Type  : Slow 1200mV 85C Model Setup 'clk'
Slack : -2.210
TNS   : -45.355

Type  : Slow 1200mV 85C Model Setup 'tank:inst|VGA_SYNC:SYNC|vert_sync_out'
Slack : -2.201
TNS   : -37.069

Type  : Slow 1200mV 85C Model Setup 'MOUSE:inst1|MOUSE_CLK_FILTER'
Slack : -2.185
TNS   : -118.152

Type  : Slow 1200mV 85C Model Hold 'clk_divider:inst7|clock_25Mhz'
Slack : -0.383
TNS   : -0.383

Type  : Slow 1200mV 85C Model Hold 'MOUSE:inst1|MOUSE_CLK_FILTER'
Slack : 0.345
TNS   : 0.000

Type  : Slow 1200mV 85C Model Hold 'tank:inst|VGA_SYNC:SYNC|vert_sync_out'
Slack : 0.359
TNS   : 0.000

Type  : Slow 1200mV 85C Model Hold 'clk'
Slack : 0.479
TNS   : 0.000

Type  : Slow 1200mV 85C Model Recovery 'MOUSE:inst1|MOUSE_CLK_FILTER'
Slack : -1.461
TNS   : -21.161

Type  : Slow 1200mV 85C Model Removal 'MOUSE:inst1|MOUSE_CLK_FILTER'
Slack : 1.705
TNS   : 0.000

Type  : Slow 1200mV 85C Model Minimum Pulse Width 'clk'
Slack : -3.000
TNS   : -36.000

Type  : Slow 1200mV 85C Model Minimum Pulse Width 'clk_divider:inst7|clock_25Mhz'
Slack : -1.000
TNS   : -77.000

Type  : Slow 1200mV 85C Model Minimum Pulse Width 'MOUSE:inst1|MOUSE_CLK_FILTER'
Slack : -1.000
TNS   : -65.000

Type  : Slow 1200mV 85C Model Minimum Pulse Width 'tank:inst|VGA_SYNC:SYNC|vert_sync_out'
Slack : -1.000
TNS   : -31.000

Type  : Slow 1200mV 0C Model Setup 'clk_divider:inst7|clock_25Mhz'
Slack : -3.390
TNS   : -85.243

Type  : Slow 1200mV 0C Model Setup 'MOUSE:inst1|MOUSE_CLK_FILTER'
Slack : -1.945
TNS   : -102.800

Type  : Slow 1200mV 0C Model Setup 'tank:inst|VGA_SYNC:SYNC|vert_sync_out'
Slack : -1.909
TNS   : -30.241

Type  : Slow 1200mV 0C Model Setup 'clk'
Slack : -1.898
TNS   : -36.139

Type  : Slow 1200mV 0C Model Hold 'clk_divider:inst7|clock_25Mhz'
Slack : -0.280
TNS   : -0.280

Type  : Slow 1200mV 0C Model Hold 'MOUSE:inst1|MOUSE_CLK_FILTER'
Slack : 0.300
TNS   : 0.000

Type  : Slow 1200mV 0C Model Hold 'tank:inst|VGA_SYNC:SYNC|vert_sync_out'
Slack : 0.313
TNS   : 0.000

Type  : Slow 1200mV 0C Model Hold 'clk'
Slack : 0.424
TNS   : 0.000

Type  : Slow 1200mV 0C Model Recovery 'MOUSE:inst1|MOUSE_CLK_FILTER'
Slack : -1.297
TNS   : -18.829

Type  : Slow 1200mV 0C Model Removal 'MOUSE:inst1|MOUSE_CLK_FILTER'
Slack : 1.634
TNS   : 0.000

Type  : Slow 1200mV 0C Model Minimum Pulse Width 'clk'
Slack : -3.000
TNS   : -36.000

Type  : Slow 1200mV 0C Model Minimum Pulse Width 'clk_divider:inst7|clock_25Mhz'
Slack : -1.000
TNS   : -77.000

Type  : Slow 1200mV 0C Model Minimum Pulse Width 'MOUSE:inst1|MOUSE_CLK_FILTER'
Slack : -1.000
TNS   : -65.000

Type  : Slow 1200mV 0C Model Minimum Pulse Width 'tank:inst|VGA_SYNC:SYNC|vert_sync_out'
Slack : -1.000
TNS   : -31.000

Type  : Fast 1200mV 0C Model Setup 'clk_divider:inst7|clock_25Mhz'
Slack : -1.718
TNS   : -30.208

Type  : Fast 1200mV 0C Model Setup 'MOUSE:inst1|MOUSE_CLK_FILTER'
Slack : -0.985
TNS   : -40.012

Type  : Fast 1200mV 0C Model Setup 'clk'
Slack : -0.839
TNS   : -12.152

Type  : Fast 1200mV 0C Model Setup 'tank:inst|VGA_SYNC:SYNC|vert_sync_out'
Slack : -0.753
TNS   : -8.413

Type  : Fast 1200mV 0C Model Hold 'clk_divider:inst7|clock_25Mhz'
Slack : -0.337
TNS   : -0.337

Type  : Fast 1200mV 0C Model Hold 'MOUSE:inst1|MOUSE_CLK_FILTER'
Slack : 0.177
TNS   : 0.000

Type  : Fast 1200mV 0C Model Hold 'tank:inst|VGA_SYNC:SYNC|vert_sync_out'
Slack : 0.188
TNS   : 0.000

Type  : Fast 1200mV 0C Model Hold 'clk'
Slack : 0.258
TNS   : 0.000

Type  : Fast 1200mV 0C Model Recovery 'MOUSE:inst1|MOUSE_CLK_FILTER'
Slack : -0.591
TNS   : -8.182

Type  : Fast 1200mV 0C Model Removal 'MOUSE:inst1|MOUSE_CLK_FILTER'
Slack : 1.125
TNS   : 0.000

Type  : Fast 1200mV 0C Model Minimum Pulse Width 'clk'
Slack : -3.000
TNS   : -37.877

Type  : Fast 1200mV 0C Model Minimum Pulse Width 'clk_divider:inst7|clock_25Mhz'
Slack : -1.000
TNS   : -77.000

Type  : Fast 1200mV 0C Model Minimum Pulse Width 'MOUSE:inst1|MOUSE_CLK_FILTER'
Slack : -1.000
TNS   : -65.000

Type  : Fast 1200mV 0C Model Minimum Pulse Width 'tank:inst|VGA_SYNC:SYNC|vert_sync_out'
Slack : -1.000
TNS   : -31.000

------------------------------------------------------------
