------------------------------------------------------------
TimeQuest Timing Analyzer Summary
------------------------------------------------------------

Type  : Slow 1200mV 85C Model Setup 'clk_divider:inst7|clock_25Mhz'
Slack : -8.438
TNS   : -234.888

Type  : Slow 1200mV 85C Model Setup 'VGA_SYNC:inst|vert_sync_out'
Slack : -4.329
TNS   : -124.693

Type  : Slow 1200mV 85C Model Setup 'clk'
Slack : -2.142
TNS   : -48.076

Type  : Slow 1200mV 85C Model Setup 'MOUSE:inst1|MOUSE_CLK_FILTER'
Slack : -2.122
TNS   : -111.294

Type  : Slow 1200mV 85C Model Setup 'sw0'
Slack : 0.448
TNS   : 0.000

Type  : Slow 1200mV 85C Model Hold 'sw0'
Slack : -5.957
TNS   : -61.966

Type  : Slow 1200mV 85C Model Hold 'clk_divider:inst7|clock_25Mhz'
Slack : -0.288
TNS   : -0.288

Type  : Slow 1200mV 85C Model Hold 'MOUSE:inst1|MOUSE_CLK_FILTER'
Slack : 0.355
TNS   : 0.000

Type  : Slow 1200mV 85C Model Hold 'VGA_SYNC:inst|vert_sync_out'
Slack : 0.359
TNS   : 0.000

Type  : Slow 1200mV 85C Model Hold 'clk'
Slack : 0.499
TNS   : 0.000

Type  : Slow 1200mV 85C Model Recovery 'MOUSE:inst1|MOUSE_CLK_FILTER'
Slack : -1.256
TNS   : -16.216

Type  : Slow 1200mV 85C Model Removal 'MOUSE:inst1|MOUSE_CLK_FILTER'
Slack : 1.321
TNS   : 0.000

Type  : Slow 1200mV 85C Model Minimum Pulse Width 'clk'
Slack : -3.000
TNS   : -36.000

Type  : Slow 1200mV 85C Model Minimum Pulse Width 'sw0'
Slack : -3.000
TNS   : -4.401

Type  : Slow 1200mV 85C Model Minimum Pulse Width 'clk_divider:inst7|clock_25Mhz'
Slack : -2.174
TNS   : -96.174

Type  : Slow 1200mV 85C Model Minimum Pulse Width 'MOUSE:inst1|MOUSE_CLK_FILTER'
Slack : -1.000
TNS   : -65.000

Type  : Slow 1200mV 85C Model Minimum Pulse Width 'VGA_SYNC:inst|vert_sync_out'
Slack : -1.000
TNS   : -43.000

Type  : Slow 1200mV 0C Model Setup 'clk_divider:inst7|clock_25Mhz'
Slack : -7.405
TNS   : -201.624

Type  : Slow 1200mV 0C Model Setup 'VGA_SYNC:inst|vert_sync_out'
Slack : -3.805
TNS   : -107.738

Type  : Slow 1200mV 0C Model Setup 'MOUSE:inst1|MOUSE_CLK_FILTER'
Slack : -1.862
TNS   : -96.390

Type  : Slow 1200mV 0C Model Setup 'clk'
Slack : -1.829
TNS   : -38.314

Type  : Slow 1200mV 0C Model Setup 'sw0'
Slack : 0.427
TNS   : 0.000

Type  : Slow 1200mV 0C Model Hold 'sw0'
Slack : -5.237
TNS   : -54.729

Type  : Slow 1200mV 0C Model Hold 'clk_divider:inst7|clock_25Mhz'
Slack : -0.192
TNS   : -0.194

Type  : Slow 1200mV 0C Model Hold 'MOUSE:inst1|MOUSE_CLK_FILTER'
Slack : 0.312
TNS   : 0.000

Type  : Slow 1200mV 0C Model Hold 'VGA_SYNC:inst|vert_sync_out'
Slack : 0.312
TNS   : 0.000

Type  : Slow 1200mV 0C Model Hold 'clk'
Slack : 0.435
TNS   : 0.000

Type  : Slow 1200mV 0C Model Recovery 'MOUSE:inst1|MOUSE_CLK_FILTER'
Slack : -1.113
TNS   : -14.373

Type  : Slow 1200mV 0C Model Removal 'MOUSE:inst1|MOUSE_CLK_FILTER'
Slack : 1.285
TNS   : 0.000

Type  : Slow 1200mV 0C Model Minimum Pulse Width 'clk'
Slack : -3.000
TNS   : -36.000

Type  : Slow 1200mV 0C Model Minimum Pulse Width 'sw0'
Slack : -3.000
TNS   : -3.000

Type  : Slow 1200mV 0C Model Minimum Pulse Width 'clk_divider:inst7|clock_25Mhz'
Slack : -2.174
TNS   : -96.174

Type  : Slow 1200mV 0C Model Minimum Pulse Width 'MOUSE:inst1|MOUSE_CLK_FILTER'
Slack : -1.000
TNS   : -65.000

Type  : Slow 1200mV 0C Model Minimum Pulse Width 'VGA_SYNC:inst|vert_sync_out'
Slack : -1.000
TNS   : -43.000

Type  : Fast 1200mV 0C Model Setup 'clk_divider:inst7|clock_25Mhz'
Slack : -4.416
TNS   : -102.705

Type  : Fast 1200mV 0C Model Setup 'VGA_SYNC:inst|vert_sync_out'
Slack : -2.030
TNS   : -52.067

Type  : Fast 1200mV 0C Model Setup 'MOUSE:inst1|MOUSE_CLK_FILTER'
Slack : -0.752
TNS   : -36.788

Type  : Fast 1200mV 0C Model Setup 'clk'
Slack : -0.738
TNS   : -13.627

Type  : Fast 1200mV 0C Model Setup 'sw0'
Slack : 0.167
TNS   : 0.000

Type  : Fast 1200mV 0C Model Hold 'sw0'
Slack : -3.484
TNS   : -36.779

Type  : Fast 1200mV 0C Model Hold 'clk_divider:inst7|clock_25Mhz'
Slack : -0.288
TNS   : -0.299

Type  : Fast 1200mV 0C Model Hold 'VGA_SYNC:inst|vert_sync_out'
Slack : 0.076
TNS   : 0.000

Type  : Fast 1200mV 0C Model Hold 'MOUSE:inst1|MOUSE_CLK_FILTER'
Slack : 0.183
TNS   : 0.000

Type  : Fast 1200mV 0C Model Hold 'clk'
Slack : 0.268
TNS   : 0.000

Type  : Fast 1200mV 0C Model Recovery 'MOUSE:inst1|MOUSE_CLK_FILTER'
Slack : -0.445
TNS   : -4.825

Type  : Fast 1200mV 0C Model Removal 'MOUSE:inst1|MOUSE_CLK_FILTER'
Slack : 0.869
TNS   : 0.000

Type  : Fast 1200mV 0C Model Minimum Pulse Width 'clk'
Slack : -3.000
TNS   : -38.042

Type  : Fast 1200mV 0C Model Minimum Pulse Width 'sw0'
Slack : -3.000
TNS   : -8.096

Type  : Fast 1200mV 0C Model Minimum Pulse Width 'clk_divider:inst7|clock_25Mhz'
Slack : -1.000
TNS   : -95.000

Type  : Fast 1200mV 0C Model Minimum Pulse Width 'MOUSE:inst1|MOUSE_CLK_FILTER'
Slack : -1.000
TNS   : -65.000

Type  : Fast 1200mV 0C Model Minimum Pulse Width 'VGA_SYNC:inst|vert_sync_out'
Slack : -1.000
TNS   : -43.000

------------------------------------------------------------
