------------------------------------------------------------
TimeQuest Timing Analyzer Summary
------------------------------------------------------------

Type  : Slow 1200mV 85C Model Setup 'clk_divider:inst7|clock_25mhz'
Slack : -10.267
TNS   : -366.520

Type  : Slow 1200mV 85C Model Setup 'VGA_SYNC:inst|vert_sync_out'
Slack : -6.621
TNS   : -513.778

Type  : Slow 1200mV 85C Model Setup 'bt2'
Slack : -4.853
TNS   : -50.981

Type  : Slow 1200mV 85C Model Setup 'bt0'
Slack : -3.512
TNS   : -3.512

Type  : Slow 1200mV 85C Model Setup 'timer:inst4|clk'
Slack : -3.189
TNS   : -24.453

Type  : Slow 1200mV 85C Model Setup 'MOUSE:inst1|MOUSE_CLK_FILTER'
Slack : -2.637
TNS   : -147.612

Type  : Slow 1200mV 85C Model Setup 'clk'
Slack : -2.358
TNS   : -44.562

Type  : Slow 1200mV 85C Model Setup 'game_control:inst15|s_reset_timer'
Slack : -2.112
TNS   : -5.652

Type  : Slow 1200mV 85C Model Hold 'bt2'
Slack : -2.804
TNS   : -27.957

Type  : Slow 1200mV 85C Model Hold 'bt0'
Slack : -0.567
TNS   : -0.567

Type  : Slow 1200mV 85C Model Hold 'timer:inst4|clk'
Slack : -0.522
TNS   : -2.220

Type  : Slow 1200mV 85C Model Hold 'clk_divider:inst7|clock_25mhz'
Slack : -0.435
TNS   : -0.782

Type  : Slow 1200mV 85C Model Hold 'VGA_SYNC:inst|vert_sync_out'
Slack : 0.344
TNS   : 0.000

Type  : Slow 1200mV 85C Model Hold 'MOUSE:inst1|MOUSE_CLK_FILTER'
Slack : 0.347
TNS   : 0.000

Type  : Slow 1200mV 85C Model Hold 'clk'
Slack : 0.482
TNS   : 0.000

Type  : Slow 1200mV 85C Model Hold 'game_control:inst15|s_reset_timer'
Slack : 1.127
TNS   : 0.000

Type  : Slow 1200mV 85C Model Recovery 'MOUSE:inst1|MOUSE_CLK_FILTER'
Slack : -1.736
TNS   : -27.655

Type  : Slow 1200mV 85C Model Recovery 'timer:inst4|clk'
Slack : -0.400
TNS   : -3.194

Type  : Slow 1200mV 85C Model Removal 'timer:inst4|clk'
Slack : 0.420
TNS   : 0.000

Type  : Slow 1200mV 85C Model Removal 'MOUSE:inst1|MOUSE_CLK_FILTER'
Slack : 2.055
TNS   : 0.000

Type  : Slow 1200mV 85C Model Minimum Pulse Width 'clk'
Slack : -3.000
TNS   : -36.000

Type  : Slow 1200mV 85C Model Minimum Pulse Width 'bt2'
Slack : -3.000
TNS   : -16.261

Type  : Slow 1200mV 85C Model Minimum Pulse Width 'bt0'
Slack : -3.000
TNS   : -3.000

Type  : Slow 1200mV 85C Model Minimum Pulse Width 'clk_divider:inst7|clock_25mhz'
Slack : -2.174
TNS   : -148.174

Type  : Slow 1200mV 85C Model Minimum Pulse Width 'VGA_SYNC:inst|vert_sync_out'
Slack : -1.000
TNS   : -101.000

Type  : Slow 1200mV 85C Model Minimum Pulse Width 'MOUSE:inst1|MOUSE_CLK_FILTER'
Slack : -1.000
TNS   : -65.000

Type  : Slow 1200mV 85C Model Minimum Pulse Width 'timer:inst4|clk'
Slack : -1.000
TNS   : -8.000

Type  : Slow 1200mV 85C Model Minimum Pulse Width 'game_control:inst15|s_reset_timer'
Slack : 0.416
TNS   : 0.000

Type  : Slow 1200mV 0C Model Setup 'clk_divider:inst7|clock_25mhz'
Slack : -9.016
TNS   : -313.814

Type  : Slow 1200mV 0C Model Setup 'VGA_SYNC:inst|vert_sync_out'
Slack : -5.824
TNS   : -450.365

Type  : Slow 1200mV 0C Model Setup 'bt2'
Slack : -4.197
TNS   : -44.082

Type  : Slow 1200mV 0C Model Setup 'bt0'
Slack : -3.032
TNS   : -3.032

Type  : Slow 1200mV 0C Model Setup 'timer:inst4|clk'
Slack : -2.823
TNS   : -21.543

Type  : Slow 1200mV 0C Model Setup 'MOUSE:inst1|MOUSE_CLK_FILTER'
Slack : -2.331
TNS   : -129.707

Type  : Slow 1200mV 0C Model Setup 'clk'
Slack : -2.040
TNS   : -35.387

Type  : Slow 1200mV 0C Model Setup 'game_control:inst15|s_reset_timer'
Slack : -1.900
TNS   : -5.112

Type  : Slow 1200mV 0C Model Hold 'bt2'
Slack : -2.528
TNS   : -24.597

Type  : Slow 1200mV 0C Model Hold 'bt0'
Slack : -0.602
TNS   : -0.602

Type  : Slow 1200mV 0C Model Hold 'timer:inst4|clk'
Slack : -0.439
TNS   : -1.745

Type  : Slow 1200mV 0C Model Hold 'clk_divider:inst7|clock_25mhz'
Slack : -0.345
TNS   : -0.608

Type  : Slow 1200mV 0C Model Hold 'VGA_SYNC:inst|vert_sync_out'
Slack : 0.299
TNS   : 0.000

Type  : Slow 1200mV 0C Model Hold 'MOUSE:inst1|MOUSE_CLK_FILTER'
Slack : 0.312
TNS   : 0.000

Type  : Slow 1200mV 0C Model Hold 'clk'
Slack : 0.426
TNS   : 0.000

Type  : Slow 1200mV 0C Model Hold 'game_control:inst15|s_reset_timer'
Slack : 1.137
TNS   : 0.000

Type  : Slow 1200mV 0C Model Recovery 'MOUSE:inst1|MOUSE_CLK_FILTER'
Slack : -1.544
TNS   : -24.602

Type  : Slow 1200mV 0C Model Recovery 'timer:inst4|clk'
Slack : -0.293
TNS   : -2.337

Type  : Slow 1200mV 0C Model Removal 'timer:inst4|clk'
Slack : 0.382
TNS   : 0.000

Type  : Slow 1200mV 0C Model Removal 'MOUSE:inst1|MOUSE_CLK_FILTER'
Slack : 1.932
TNS   : 0.000

Type  : Slow 1200mV 0C Model Minimum Pulse Width 'clk'
Slack : -3.000
TNS   : -36.000

Type  : Slow 1200mV 0C Model Minimum Pulse Width 'bt2'
Slack : -3.000
TNS   : -11.523

Type  : Slow 1200mV 0C Model Minimum Pulse Width 'bt0'
Slack : -3.000
TNS   : -3.000

Type  : Slow 1200mV 0C Model Minimum Pulse Width 'clk_divider:inst7|clock_25mhz'
Slack : -2.174
TNS   : -148.174

Type  : Slow 1200mV 0C Model Minimum Pulse Width 'VGA_SYNC:inst|vert_sync_out'
Slack : -1.000
TNS   : -101.000

Type  : Slow 1200mV 0C Model Minimum Pulse Width 'MOUSE:inst1|MOUSE_CLK_FILTER'
Slack : -1.000
TNS   : -65.000

Type  : Slow 1200mV 0C Model Minimum Pulse Width 'timer:inst4|clk'
Slack : -1.000
TNS   : -8.000

Type  : Slow 1200mV 0C Model Minimum Pulse Width 'game_control:inst15|s_reset_timer'
Slack : 0.464
TNS   : 0.000

Type  : Fast 1200mV 0C Model Setup 'clk_divider:inst7|clock_25mhz'
Slack : -5.316
TNS   : -160.164

Type  : Fast 1200mV 0C Model Setup 'VGA_SYNC:inst|vert_sync_out'
Slack : -3.265
TNS   : -245.892

Type  : Fast 1200mV 0C Model Setup 'bt2'
Slack : -2.331
TNS   : -23.471

Type  : Fast 1200mV 0C Model Setup 'bt0'
Slack : -1.583
TNS   : -1.583

Type  : Fast 1200mV 0C Model Setup 'timer:inst4|clk'
Slack : -1.347
TNS   : -10.186

Type  : Fast 1200mV 0C Model Setup 'MOUSE:inst1|MOUSE_CLK_FILTER'
Slack : -1.078
TNS   : -59.805

Type  : Fast 1200mV 0C Model Setup 'game_control:inst15|s_reset_timer'
Slack : -0.884
TNS   : -2.198

Type  : Fast 1200mV 0C Model Setup 'clk'
Slack : -0.819
TNS   : -11.711

Type  : Fast 1200mV 0C Model Hold 'bt2'
Slack : -2.153
TNS   : -19.945

Type  : Fast 1200mV 0C Model Hold 'timer:inst4|clk'
Slack : -0.397
TNS   : -1.984

Type  : Fast 1200mV 0C Model Hold 'clk_divider:inst7|clock_25mhz'
Slack : -0.359
TNS   : -0.924

Type  : Fast 1200mV 0C Model Hold 'bt0'
Slack : -0.353
TNS   : -0.353

Type  : Fast 1200mV 0C Model Hold 'VGA_SYNC:inst|vert_sync_out'
Slack : 0.179
TNS   : 0.000

Type  : Fast 1200mV 0C Model Hold 'MOUSE:inst1|MOUSE_CLK_FILTER'
Slack : 0.180
TNS   : 0.000

Type  : Fast 1200mV 0C Model Hold 'clk'
Slack : 0.258
TNS   : 0.000

Type  : Fast 1200mV 0C Model Hold 'game_control:inst15|s_reset_timer'
Slack : 0.714
TNS   : 0.000

Type  : Fast 1200mV 0C Model Recovery 'MOUSE:inst1|MOUSE_CLK_FILTER'
Slack : -0.774
TNS   : -12.314

Type  : Fast 1200mV 0C Model Recovery 'timer:inst4|clk'
Slack : -0.076
TNS   : -0.601

Type  : Fast 1200mV 0C Model Removal 'timer:inst4|clk'
Slack : 0.240
TNS   : 0.000

Type  : Fast 1200mV 0C Model Removal 'MOUSE:inst1|MOUSE_CLK_FILTER'
Slack : 1.367
TNS   : 0.000

Type  : Fast 1200mV 0C Model Minimum Pulse Width 'clk'
Slack : -3.000
TNS   : -37.997

Type  : Fast 1200mV 0C Model Minimum Pulse Width 'bt2'
Slack : -3.000
TNS   : -17.511

Type  : Fast 1200mV 0C Model Minimum Pulse Width 'bt0'
Slack : -3.000
TNS   : -3.000

Type  : Fast 1200mV 0C Model Minimum Pulse Width 'clk_divider:inst7|clock_25mhz'
Slack : -1.000
TNS   : -147.000

Type  : Fast 1200mV 0C Model Minimum Pulse Width 'VGA_SYNC:inst|vert_sync_out'
Slack : -1.000
TNS   : -101.000

Type  : Fast 1200mV 0C Model Minimum Pulse Width 'MOUSE:inst1|MOUSE_CLK_FILTER'
Slack : -1.000
TNS   : -65.000

Type  : Fast 1200mV 0C Model Minimum Pulse Width 'timer:inst4|clk'
Slack : -1.000
TNS   : -8.000

Type  : Fast 1200mV 0C Model Minimum Pulse Width 'game_control:inst15|s_reset_timer'
Slack : 0.389
TNS   : 0.000

------------------------------------------------------------
